TOKEN_KW "int"
TOKEN_IDENT "main"
TOKEN_PUNCT "("
TOKEN_KW "int"
TOKEN_IDENT "argc"
TOKEN_PUNCT ","
TOKEN_KW "char"
TOKEN_PUNCT "*"
TOKEN_IDENT "argv"
TOKEN_PUNCT "["
TOKEN_PUNCT "]"
TOKEN_PUNCT ")"
TOKEN_PUNCT "{"
TOKEN_KW "return"
TOKEN_LIT "0"
TOKEN_PUNCT ";"
TOKEN_PUNCT "}"
