TOKEN_KW "break"
TOKEN_KW "char"
TOKEN_KW "default"
TOKEN_KW "double"
TOKEN_KW "enum"
TOKEN_IDENT "hi"
TOKEN_IDENT "hello_world"
TOKEN_IDENT "HiHi"
TOKEN_IDENT "__"
