TOKEN_PUNCT "{"
TOKEN_PUNCT "}"
TOKEN_PUNCT "["
TOKEN_PUNCT "]"
TOKEN_PUNCT "("
TOKEN_PUNCT ")"
TOKEN_PUNCT ";"
TOKEN_PUNCT ":"
TOKEN_PUNCT "?"
TOKEN_PUNCT "."
TOKEN_PUNCT "->"
TOKEN_PUNCT "~"
TOKEN_PUNCT "!"
TOKEN_PUNCT "+"
TOKEN_PUNCT "-"
TOKEN_PUNCT "*"
TOKEN_PUNCT "/"
TOKEN_PUNCT "%"
TOKEN_PUNCT "^"
TOKEN_PUNCT "&"
TOKEN_PUNCT "|"
TOKEN_PUNCT "="
TOKEN_PUNCT "+="
TOKEN_PUNCT "-="
TOKEN_PUNCT "*="
TOKEN_PUNCT "/="
TOKEN_PUNCT "%="
TOKEN_PUNCT "^="
TOKEN_PUNCT "&="
TOKEN_PUNCT "|="
TOKEN_PUNCT "=="
TOKEN_PUNCT "!="
TOKEN_PUNCT "<"
TOKEN_PUNCT ">"
TOKEN_PUNCT "<="
TOKEN_PUNCT ">="
TOKEN_PUNCT "&&"
TOKEN_PUNCT "||"
TOKEN_PUNCT "<<"
TOKEN_PUNCT ">>"
TOKEN_PUNCT "<<="
TOKEN_PUNCT ">>="
TOKEN_PUNCT "++"
TOKEN_PUNCT "--"
TOKEN_PUNCT ","
